program
  int x,X;
begin
  x:=3;
  X:=4;
  output x;
  output X;
end
3
4
