program
  int x;
begin
  x:=0;
  if 1=x or 0=x then
    output x;
  endif;
end
0
