program
  int b;
begin
  b:=1;
  if b=1 then
    output 1;
    if b=2 then
      output 2;
    endif;
  else
    output 0;
  endif;
end
1
