program
  int x;
begin
  input x;
  case x of
    0:2
    else 4
  end;
  output x;
end
4
