program
  int A;
begin
  A:=248-3;
  output A;
end
245
