program
  int ALL,CAPS;
begin
  ALL:=3;
  CAPS:=4;
end
