program
  int B;
begin
  B:=7-1+2;
  output B;
end
4
