program
  int b;
begin
  b:=1;
  if b=1 then
    output b;
  endif;
end
1
