program
  int x,y,z;
begin
  input x,y;
  z:=x+y;
  case z of
    1:x+7
    |3,5:y*(x-z-27)
    |7:y-2
    else -266471638
  end;
  output z;
end
92
