program
  int x;
begin
  x:=0;
  if x<1 then
    output x;
  endif;
end
0
