program
  int x;
begin
  x:=1;
  if 1*1=8-7 then
    output x;
  endif;
end
1
