program
  int i;
begin
  i:=0-1849;
  output i;
end
-1849
